// Jest Snapshot v1, https://goo.gl/fbAQLP

exports[`renders without crashing 1`] = `
<div>
  <header
    className="header"
  >
    <div
      className="top-menu"
    >
      <a
        href="/"
        onClick={[Function]}
      >
        <button>
          Главная
        </button>
      </a>
      <a
        href="/profile"
        onClick={[Function]}
      >
        <button>
          Профиль
        </button>
      </a>
      <a
        href="/login"
        onClick={[Function]}
      >
        <button>
          Логин
        </button>
      </a>
      <a
        href="/kvazavr"
        onClick={[Function]}
      >
        <button>
          Не найдено
        </button>
      </a>
    </div>
  </header>
  <div
    className="content"
  >
    <h2>
      Главная страница
    </h2>
  </div>
</div>
`;
